// Jest Snapshot v1, https://goo.gl/fbAQLP

exports[`Arc renders correctly 1`] = `
<div
  className="arc"
/>
`;
